Erreur lors du téléchargement du logo pour 12TV.zz: [Errno 2] No such file or directory: 'Logos/Logo.png/12TV.png'
Erreur lors du téléchargement du logo pour 2MMonde.ma: [Errno 2] No such file or directory: 'Logos/Logo.png/2MMonde.png'
Erreur lors du téléchargement du logo pour 2MNational.ma: [Errno 2] No such file or directory: 'Logos/Logo.png/2MNational.png'
Erreur lors du téléchargement du logo pour 2MNational.ma: [Errno 2] No such file or directory: 'Logos/Logo.png/2MNational.png'
Erreur lors du téléchargement du logo pour 7limBigoTV.zz: list index out of range
Erreur lors du téléchargement du logo pour 7limBigoTV.zz: list index out of range
Erreur lors du téléchargement du logo pour A1LoveWorldMenaTV.zz: list index out of range
Erreur lors du téléchargement du logo pour AAlieAlbehaar.zz: list index out of range
Erreur lors du téléchargement du logo pour ALBACHAEERRADIO.zz: list index out of range
Erreur lors du téléchargement du logo pour ALBarlemania.mr: list index out of range
Erreur lors du téléchargement du logo pour ALEKhbariaHD.sa: list index out of range
Erreur lors du téléchargement du logo pour ALWadiALGaded.zz: list index out of range
Erreur lors du téléchargement du logo pour AdenAlmustakilla.zz: list index out of range
Erreur lors du téléchargement du logo pour AdenAlmustakilla.zz: list index out of range
Erreur lors du téléchargement du logo pour AjmanAdhan.ae: list index out of range
Erreur lors du téléchargement du logo pour AlAyamTV.zz: list index out of range
Erreur lors du téléchargement du logo pour AlBahranyTV.zz: list index out of range
Erreur lors du téléchargement du logo pour AlEkhbaria/AlEkhbaria.sa: [Errno 2] No such file or directory: 'Logos/Logos_epg.best/AlEkhbaria/AlEkhbaria.sa.png'
Erreur lors du téléchargement du logo pour AlHayatAlan.zz: list index out of range
Erreur lors du téléchargement du logo pour AlJazeeraMubasher2HD.qa: list index out of range
Erreur lors du téléchargement du logo pour AlKassHDThree.qa: list index out of range
Erreur lors du téléchargement du logo pour AlKassHDThree.qa: list index out of range
Erreur lors du téléchargement du logo pour AlKoutTV.zz: list index out of range
Erreur lors du téléchargement du logo pour AlMaaref/AlMaaref.sa: [Errno 2] No such file or directory: 'Logos/Logos_epg.best/AlMaaref/AlMaaref.sa.png'
Erreur lors du téléchargement du logo pour AlMasarTVHD.iq: list index out of range
Erreur lors du téléchargement du logo pour AlMohtadiTV.zz: list index out of range
Erreur lors du téléchargement du logo pour AlNojabaTV.zz: list index out of range
Erreur lors du téléchargement du logo pour AlRafidainTVHD.iq: list index out of range
Erreur lors du téléchargement du logo pour AlRayyanHD2.qa: list index out of range
Erreur lors du téléchargement du logo pour AlSehaWaljamalTV.zz: list index out of range
Erreur lors du téléchargement du logo pour AlSumariaHD.iq: list index out of range
Erreur lors du téléchargement du logo pour AlTaleaaTV.zz: list index out of range
Erreur lors du téléchargement du logo pour AlThaqafiahHD.sa: list index out of range
Erreur lors du téléchargement du logo pour AlThaqafiahHD.sa: list index out of range
Erreur lors du téléchargement du logo pour AlWaqieHD.zz: list index out of range
Erreur lors du téléchargement du logo pour AlaanTVHD.lb: list index out of range
Erreur lors du téléchargement du logo pour AlanesTV.zz: list index out of range
Erreur lors du téléchargement du logo pour Albasra1TV.zz: list index out of range
Erreur lors du téléchargement du logo pour AlfathAtfal.zz: list index out of range
Erreur lors du téléchargement du logo pour AlgeriaR1/AlgeriaR1.dz: [Errno 2] No such file or directory: 'Logos/Logos_epg.best/AlgeriaR1/AlgeriaR1.dz.png'
Erreur lors du téléchargement du logo pour AlgerieRadioInternationale/AlgerieRadioInternationale.dz: [Errno 2] No such file or directory: 'Logos/Logos_epg.best/AlgerieRadioInternationale/AlgerieRadioInternationale.dz.png'
Erreur lors du téléchargement du logo pour AlkassEightHD.qa: list index out of range
Erreur lors du téléchargement du logo pour AlkassTenHD.qa: list index out of range
Erreur lors du téléchargement du logo pour AlmagadTV.zz: list index out of range
Erreur lors du téléchargement du logo pour Almajd14.zz: list index out of range
Erreur lors du téléchargement du logo pour AlrabaaSDRadio.zz: list index out of range
Erreur lors du téléchargement du logo pour Alsayda3Madeh.zz: list index out of range
Erreur lors du téléchargement du logo pour AmazonPrimeVideoUK1.gb: list index out of range
Erreur lors du téléchargement du logo pour ArriadiaMauritania.mr: list index out of range
Erreur lors du téléchargement du logo pour BBCOneChannelIslandsHD.gb: list index out of range
Erreur lors du téléchargement du logo pour BBCOneEastMidlandsHD.gb: list index out of range
Erreur lors du téléchargement du logo pour BBCOneNorthEastandCumbriaHD.gb: list index out of range
Erreur lors du téléchargement du logo pour BBCOneNorthIrelandHD.gb: list index out of range
Erreur lors du téléchargement du logo pour BBCOneWestMidlandsHD.gb: list index out of range
Erreur lors du téléchargement du logo pour BBCTwoNorthernIrelandHD.gb: list index out of range
Erreur lors du téléchargement du logo pour Babes&Brazzers.gb: No connection adapters were found for 'data:image/png;base64,iVBORw0KGgoAAAANSUhEUgAAADAAAAAwBAMAAAClLOS0AAAAD1BMVEUAAAALV9AMWM8LV9AMWM/cqVvwAAAABXRSTlMAv4D/QIO3/x8AAADqSURBVHgBxJFHEgIxDARnw51g7sQHYMSd+P83UZaqN99pkgu5vRpLf2arZSo7aJHablrmHMrpmGyze06V+mxOpoLyMTiMldaGlWUlC/QZK3cF5T9XtpvJYY1ZUQ5Sm0ZK6nfVoTwVd2Ku6H2RIs5VEmt/yk4Nu0Q70dizZhcn5ciyVl/4RCHi35Q4i5VcKT8UWLlCIUus5MpXRBSZGGXi4RQOrtC8CoRlLgTkSoZzWWsQ/SAURkXEJ4oLKIXNyVzJgpcZFAVBNM8lCxgpypB6qMDIyQlF8N6Uvn4jmPgxAb20GOLK4CoMVAUA2/FUWazwZNUAAAAASUVORK5CYII='
Erreur lors du téléchargement du logo pour BahrainSport1HD.bh: list index out of range
Erreur lors du téléchargement du logo pour BakousAlexandaria.zz: list index out of range
Erreur lors du téléchargement du logo pour Bangali/Bangali.sa: [Errno 2] No such file or directory: 'Logos/Logos_epg.best/Bangali/Bangali.sa.png'
Erreur lors du téléchargement du logo pour BaynounahTVHD.ae: list index out of range
Erreur lors du téléchargement du logo pour BaynounahTVHD.ae: list index out of range
Erreur lors du téléchargement du logo pour CGTNArabicHD.cn: list index out of range
Erreur lors du téléchargement du logo pour CHAINE3/CHAINE3.zz: [Errno 2] No such file or directory: 'Logos/Logos_epg.best/CHAINE3/CHAINE3.zz.png'
Erreur lors du téléchargement du logo pour CartoonitoHDEMEA.it: list index out of range
Erreur lors du téléchargement du logo pour CÃºla4HD.gb: list index out of range
Erreur lors du téléchargement du logo pour DAZN1HDUK.gb: list index out of range
Erreur lors du téléchargement du logo pour DAZNPPVHD.gb: list index out of range
Erreur lors du téléchargement du logo pour DJIBOUTIR3.dj: list index out of range
Erreur lors du téléchargement du logo pour DMCMasraheyat.zz: list index out of range
Erreur lors du téléchargement du logo pour DawacomTV.zz: list index out of range
Erreur lors du téléchargement du logo pour DijlahHD.iq: list index out of range
Erreur lors du téléchargement du logo pour DiscoveryScience/DiscoveryScience.gb: [Errno 2] No such file or directory: 'Logos/Logos_epg.best/DiscoveryScience/DiscoveryScience.gb.png'
Erreur lors du téléchargement du logo pour DÃ¼nyaTV.tr: list index out of range
Erreur lors du téléchargement du logo pour ElIktissadiaOula.zz: list index out of range
Erreur lors du téléchargement du logo pour ElMouritaniyaHD.mr: list index out of range
Erreur lors du téléchargement du logo pour ElMouritaniyaTV.mr: list index out of range
Erreur lors du téléchargement du logo pour GSN7TV.zz: list index out of range
Erreur lors du téléchargement du logo pour GayathiAdhan.ae: list index out of range
Erreur lors du téléchargement du logo pour HonaAlAzim.sa: list index out of range
Erreur lors du téléchargement du logo pour Hounaalazm.sa: list index out of range
Erreur lors du téléchargement du logo pour IENRawdatiHD.sa: list index out of range
Erreur lors du téléchargement du logo pour IEPGdata1.gb: list index out of range
Erreur lors du téléchargement du logo pour IMAMALIRADIO.zz: list index out of range
Erreur lors du téléchargement du logo pour ITV1AngliaWestHD.gb: list index out of range
Erreur lors du téléchargement du logo pour ITV1MeridianNorthHD.gb: list index out of range
Erreur lors du téléchargement du logo pour ITV1WestCountryEastHD.gb: list index out of range
Erreur lors du téléchargement du logo pour ITV1WestCountryWestHD.gb: list index out of range
Erreur lors du téléchargement du logo pour IZ0AXF.zz: list index out of range
Erreur lors du téléchargement du logo pour KTVEthraaHD.kw: list index out of range
Erreur lors du téléchargement du logo pour KalimatTV.zz: list index out of range
Erreur lors du téléchargement du logo pour KunuzAltabiaTV.zz: list index out of range
Erreur lors du téléchargement du logo pour KunuzAltabiaTV.zz: list index out of range
Erreur lors du téléchargement du logo pour KuwaitShaabyia.kw: list index out of range
Erreur lors du téléchargement du logo pour LibyaALrasmiaTV.ly: list index out of range
Erreur lors du téléchargement du logo pour LibyaALrasmiaTV.ly: list index out of range
Erreur lors du téléchargement du logo pour LibyaAhrarHDNotpermanent.ly: list index out of range
Erreur lors du téléchargement du logo pour LibyaAlwatnya.ly: list index out of range
Erreur lors du téléchargement du logo pour LibyaAlwatnya.ly: list index out of range
Erreur lors du téléchargement du logo pour LoveWorldSatHD.za: list index out of range
Erreur lors du téléchargement du logo pour MBCodeTV.zz: list index out of range
Erreur lors du téléchargement du logo pour MBNAlhurraHD.iq: list index out of range
Erreur lors du téléchargement du logo pour MORGlobalRadio.zz: list index out of range
Erreur lors du téléchargement du logo pour MajanTVHD.om: list index out of range
Erreur lors du téléchargement du logo pour Massaya/Massaya.sy: [Errno 2] No such file or directory: 'Logos/Logos_epg.best/Massaya/Massaya.sy.png'
Erreur lors du téléchargement du logo pour MenhagAlnbowa.zz: list index out of range
Erreur lors du téléchargement du logo pour Mosar3a1.zz: list index out of range
Erreur lors du téléchargement du logo pour NasawaraStateTV.ng: list index out of range
Erreur lors du téléchargement du logo pour NatGeoWildHDAsia.qa: list index out of range
Erreur lors du téléchargement du logo pour NatGeoWildHDAsia.us: list index out of range
Erreur lors du téléchargement du logo pour NilesatPromoHD.eg: list index out of range
Erreur lors du téléchargement du logo pour OSNTVMezze.ae: list index out of range
Erreur lors du téléchargement du logo pour QudsunaTV.zz: list index out of range
Erreur lors du téléchargement du logo pour QuranKareemKarak.zz: list index out of range
Erreur lors du téléchargement du logo pour RMCDoualia.zz: list index out of range
Erreur lors du téléchargement du logo pour RabiaTV.zz: list index out of range
Erreur lors du téléchargement du logo pour Radio03WorldService.zz: list index out of range
Erreur lors du téléchargement du logo pour RadioCoran/RadioCoran.zz: [Errno 2] No such file or directory: 'Logos/Logos_epg.best/RadioCoran/RadioCoran.zz.png'
Erreur lors du téléchargement du logo pour RadioMedVI.ma: list index out of range
Erreur lors du téléchargement du logo pour RadioMedVI.ma: list index out of range
Erreur lors du téléchargement du logo pour RadioSawaFuture1.sd: list index out of range
Erreur lors du téléchargement du logo pour RadioTalavat.zz: list index out of range
Erreur lors du téléchargement du logo pour RotanaKhalijeahHD.sa: list index out of range
Erreur lors du téléchargement du logo pour SaharTVKurdish.ir: list index out of range
Erreur lors du téléchargement du logo pour SaoutAlaqila.zz: list index out of range
Erreur lors du téléchargement du logo pour SaudiSunnahHD/SaudiSunnahHD.sa: [Errno 2] No such file or directory: 'Logos/Logos_epg.best/SaudiSunnahHD/SaudiSunnahHD.sa.png'
Erreur lors du téléchargement du logo pour SaudiTV1HD.sa: list index out of range
Erreur lors du téléchargement du logo pour SawtAlitraaTV.zz: list index out of range
Erreur lors du téléchargement du logo pour Sawtoman1Radio.om: list index out of range
Erreur lors du téléchargement du logo pour Sawtoman2Radio.om: list index out of range
Erreur lors du téléchargement du logo pour ShehabTVHD.zz: list index out of range
Erreur lors du téléchargement du logo pour SkyModernGreatsHD.gb: list index out of range
Erreur lors du téléchargement du logo pour SkyScifi/HorrorHD.gb: [Errno 2] No such file or directory: 'Logos/Logos_epg.best/SkyScifi/HorrorHD.gb.png'
Erreur lors du téléchargement du logo pour SkySportsMainEventsHD.gb: list index out of range
Erreur lors du téléchargement du logo pour SkySportsMainEventsHD.gb: list index out of range
Erreur lors du téléchargement du logo pour SkySportsMainEventsHD.gb: list index out of range
Erreur lors du téléchargement du logo pour TNTSportsBoxOffice2HD.gb: list index out of range
Erreur lors du téléchargement du logo pour TNTSportsBoxOffice2HD.gb: list index out of range
Erreur lors du téléchargement du logo pour TNTSportsBoxOfficeHD.gb: list index out of range
Erreur lors du téléchargement du logo pour TNTSportsBoxOfficeHD.gb: list index out of range
Erreur lors du téléchargement du logo pour TV8EdhakiraHD.dz: list index out of range
Erreur lors du téléchargement du logo pour TanasuhRadio.zz: list index out of range
Erreur lors du téléchargement du logo pour TestRadio11.zz: list index out of range
Erreur lors du téléchargement du logo pour TestRadio12.zz: list index out of range
Erreur lors du téléchargement du logo pour TestRadio13.zz: list index out of range
Erreur lors du téléchargement du logo pour TestRadio14.zz: list index out of range
Erreur lors du téléchargement du logo pour TestRadio16.zz: list index out of range
Erreur lors du téléchargement du logo pour TestRadio17.zz: list index out of range
Erreur lors du téléchargement du logo pour TestRadio18.zz: list index out of range
Erreur lors du téléchargement du logo pour TestRadio20.zz: list index out of range
Erreur lors du téléchargement du logo pour TestRadio21.zz: list index out of range
Erreur lors du téléchargement du logo pour TestRadio6.zz: list index out of range
Erreur lors du téléchargement du logo pour TestRadio7.zz: list index out of range
Erreur lors du téléchargement du logo pour TestRadio8.zz: list index out of range
Erreur lors du téléchargement du logo pour ThikrayatHD.sa: list index out of range
Erreur lors du téléchargement du logo pour ThiqarTV.zz: list index out of range
Erreur lors du téléchargement du logo pour TrendSha3by.zz: list index out of range
Erreur lors du téléchargement du logo pour TrueCrimeXIreland.gb: list index out of range
Erreur lors du téléchargement du logo pour WisailTV.ng: list index out of range
Erreur lors du téléchargement du logo pour XXXGirlGirl.gb: No connection adapters were found for 'data:image/png;base64,iVBORw0KGgoAAAANSUhEUgAAADAAAAAwBAMAAAClLOS0AAAAD1BMVEUAAAALV9AMWM8LV9AMWM/cqVvwAAAABXRSTlMAv4D/QIO3/x8AAADqSURBVHgBxJFHEgIxDARnw51g7sQHYMSd+P83UZaqN99pkgu5vRpLf2arZSo7aJHablrmHMrpmGyze06V+mxOpoLyMTiMldaGlWUlC/QZK3cF5T9XtpvJYY1ZUQ5Sm0ZK6nfVoTwVd2Ku6H2RIs5VEmt/yk4Nu0Q70dizZhcn5ciyVl/4RCHi35Q4i5VcKT8UWLlCIUus5MpXRBSZGGXi4RQOrtC8CoRlLgTkSoZzWWsQ/SAURkXEJ4oLKIXNyVzJgpcZFAVBNM8lCxgpypB6qMDIyQlF8N6Uvn4jmPgxAb20GOLK4CoMVAUA2/FUWazwZNUAAAAASUVORK5CYII='
Erreur lors du téléchargement du logo pour XXXGirlGirl.gb: No connection adapters were found for 'data:image/png;base64,iVBORw0KGgoAAAANSUhEUgAAADAAAAAwBAMAAAClLOS0AAAAD1BMVEUAAAALV9AMWM8LV9AMWM/cqVvwAAAABXRSTlMAv4D/QIO3/x8AAADqSURBVHgBxJFHEgIxDARnw51g7sQHYMSd+P83UZaqN99pkgu5vRpLf2arZSo7aJHablrmHMrpmGyze06V+mxOpoLyMTiMldaGlWUlC/QZK3cF5T9XtpvJYY1ZUQ5Sm0ZK6nfVoTwVd2Ku6H2RIs5VEmt/yk4Nu0Q70dizZhcn5ciyVl/4RCHi35Q4i5VcKT8UWLlCIUus5MpXRBSZGGXi4RQOrtC8CoRlLgTkSoZzWWsQ/SAURkXEJ4oLKIXNyVzJgpcZFAVBNM8lCxgpypB6qMDIyQlF8N6Uvn4jmPgxAb20GOLK4CoMVAUA2/FUWazwZNUAAAAASUVORK5CYII='
Erreur lors du téléchargement du logo pour XXXPublicPikups.gb: No connection adapters were found for 'data:image/png;base64,iVBORw0KGgoAAAANSUhEUgAAADAAAAAwBAMAAAClLOS0AAAAD1BMVEUAAAALV9AMWM8LV9AMWM/cqVvwAAAABXRSTlMAv4D/QIO3/x8AAADqSURBVHgBxJFHEgIxDARnw51g7sQHYMSd+P83UZaqN99pkgu5vRpLf2arZSo7aJHablrmHMrpmGyze06V+mxOpoLyMTiMldaGlWUlC/QZK3cF5T9XtpvJYY1ZUQ5Sm0ZK6nfVoTwVd2Ku6H2RIs5VEmt/yk4Nu0Q70dizZhcn5ciyVl/4RCHi35Q4i5VcKT8UWLlCIUus5MpXRBSZGGXi4RQOrtC8CoRlLgTkSoZzWWsQ/SAURkXEJ4oLKIXNyVzJgpcZFAVBNM8lCxgpypB6qMDIyQlF8N6Uvn4jmPgxAb20GOLK4CoMVAUA2/FUWazwZNUAAAAASUVORK5CYII='
Erreur lors du téléchargement du logo pour XXXPublicPikups.gb: No connection adapters were found for 'data:image/png;base64,iVBORw0KGgoAAAANSUhEUgAAADAAAAAwBAMAAAClLOS0AAAAD1BMVEUAAAALV9AMWM8LV9AMWM/cqVvwAAAABXRSTlMAv4D/QIO3/x8AAADqSURBVHgBxJFHEgIxDARnw51g7sQHYMSd+P83UZaqN99pkgu5vRpLf2arZSo7aJHablrmHMrpmGyze06V+mxOpoLyMTiMldaGlWUlC/QZK3cF5T9XtpvJYY1ZUQ5Sm0ZK6nfVoTwVd2Ku6H2RIs5VEmt/yk4Nu0Q70dizZhcn5ciyVl/4RCHi35Q4i5VcKT8UWLlCIUus5MpXRBSZGGXi4RQOrtC8CoRlLgTkSoZzWWsQ/SAURkXEJ4oLKIXNyVzJgpcZFAVBNM8lCxgpypB6qMDIyQlF8N6Uvn4jmPgxAb20GOLK4CoMVAUA2/FUWazwZNUAAAAASUVORK5CYII='
Erreur lors du téléchargement du logo pour XpandedTV.gb: No connection adapters were found for 'data:image/png;base64,iVBORw0KGgoAAAANSUhEUgAAADAAAAAwBAMAAAClLOS0AAAAD1BMVEUAAAALV9AMWM8LV9AMWM/cqVvwAAAABXRSTlMAv4D/QIO3/x8AAADqSURBVHgBxJFHEgIxDARnw51g7sQHYMSd+P83UZaqN99pkgu5vRpLf2arZSo7aJHablrmHMrpmGyze06V+mxOpoLyMTiMldaGlWUlC/QZK3cF5T9XtpvJYY1ZUQ5Sm0ZK6nfVoTwVd2Ku6H2RIs5VEmt/yk4Nu0Q70dizZhcn5ciyVl/4RCHi35Q4i5VcKT8UWLlCIUus5MpXRBSZGGXi4RQOrtC8CoRlLgTkSoZzWWsQ/SAURkXEJ4oLKIXNyVzJgpcZFAVBNM8lCxgpypB6qMDIyQlF8N6Uvn4jmPgxAb20GOLK4CoMVAUA2/FUWazwZNUAAAAASUVORK5CYII='
Erreur lors du téléchargement du logo pour aKonozAlhayat.zz: list index out of range
Erreur lors du téléchargement du logo pour beINSeries2Turkey.tr: list index out of range
Erreur lors du téléchargement du logo pour beINSports2AFC.qa: list index out of range
Erreur lors du téléchargement du logo pour beINSports2AFC.qa: list index out of range
Erreur lors du téléchargement du logo pour beINSports6AFC.qa: list index out of range
Erreur lors du téléchargement du logo pour beINSports6AFC.qa: list index out of range
Erreur lors du téléchargement du logo pour beINSportsMax5HDArabic.qa: list index out of range
Erreur lors du téléchargement du logo pour beINSportsMax5HDArabic.qa: list index out of range
Erreur lors du téléchargement du logo pour beINSportsMax6HDArabic.qa: list index out of range
Erreur lors du téléchargement du logo pour beINSportsNBAHD.qa: list index out of range
Erreur lors du téléchargement du logo pour beINSportsXtra3.qa: list index out of range
Erreur lors du téléchargement du logo pour radiosid1000.zz: list index out of range
Erreur lors du téléchargement du logo pour radiosid1000.zz: list index out of range
Erreur lors du téléchargement du logo pour radiosid2000.zz: list index out of range
Erreur lors du téléchargement du logo pour radiosid2000.zz: list index out of range
Erreur lors du téléchargement du logo pour radiosid3000.zz: list index out of range
Erreur lors du téléchargement du logo pour radiosid3000.zz: list index out of range
Erreur lors du téléchargement du logo pour radiosid4000.zz: list index out of range
Erreur lors du téléchargement du logo pour radiosid4000.zz: list index out of range
Erreur lors du téléchargement du logo pour radiosid6000.zz: list index out of range
